
> Configure project :app
ksp-2.0.21-1.0.27 is too new for kotlin-2.0.0. Please upgrade kotlin-gradle-plugin to 2.0.21.
ksp-2.0.21-1.0.27 is too new for kotlin-2.0.0. Please upgrade kotlin-gradle-plugin to 2.0.21.
ksp-2.0.21-1.0.27 is too new for kotlin-2.0.0. Please upgrade kotlin-gradle-plugin to 2.0.21.
ksp-2.0.21-1.0.27 is too new for kotlin-2.0.0. Please upgrade kotlin-gradle-plugin to 2.0.21.
ksp-2.0.21-1.0.27 is too new for kotlin-2.0.0. Please upgrade kotlin-gradle-plugin to 2.0.21.
ksp-2.0.21-1.0.27 is too new for kotlin-2.0.0. Please upgrade kotlin-gradle-plugin to 2.0.21.
ksp-2.0.21-1.0.27 is too new for kotlin-2.0.0. Please upgrade kotlin-gradle-plugin to 2.0.21.
ksp-2.0.21-1.0.27 is too new for kotlin-2.0.0. Please upgrade kotlin-gradle-plugin to 2.0.21.
ksp-2.0.21-1.0.27 is too new for kotlin-2.0.0. Please upgrade kotlin-gradle-plugin to 2.0.21.
ksp-2.0.21-1.0.27 is too new for kotlin-2.0.0. Please upgrade kotlin-gradle-plugin to 2.0.21.

> Task :app:preBuild UP-TO-DATE
> Task :app:preDebugBuild UP-TO-DATE
> Task :app:mergeDebugNativeDebugMetadata NO-SOURCE
> Task :app:checkKotlinGradlePluginConfigurationErrors SKIPPED
> Task :app:checkDebugAarMetadata UP-TO-DATE
> Task :app:generateDebugResValues UP-TO-DATE
> Task :app:mapDebugSourceSetPaths UP-TO-DATE
> Task :app:generateDebugResources UP-TO-DATE
> Task :app:mergeDebugResources UP-TO-DATE
> Task :app:packageDebugResources UP-TO-DATE
> Task :app:parseDebugLocalResources UP-TO-DATE
> Task :app:createDebugCompatibleScreenManifests UP-TO-DATE
> Task :app:extractDeepLinksDebug UP-TO-DATE
> Task :app:processDebugMainManifest FAILED
.\gradlew.bat : 
En línea: 1 Carácter: 1
+ .\gradlew.bat assembleDebug 
> build.log 2>&1 | Out-Null; 
Get-Content  ...
+ ~~~~~~~~~~~~~~~~~~~~~~~~~~~~~
~~~~~~~~~~~~~~~
    + CategoryInfo          :  
   NotSpecified: (:String) []  
  , RemoteException
    + FullyQualifiedErrorId :  
   NativeCommandError
 
FAILURE: Build failed with an 
exception.

* What went wrong:
Execution failed for task ':app
:processDebugMainManifest'.
> com.android.manifmerger.Manif
estMerger2$MergeFailureExceptio
n: Error parsing C:\Users\haowe
\AndroidStudioProjects\PixDate\
app\src\main\AndroidManifest.xm
l

* Try:
> Run with --stacktrace option 
to get the stack trace.
> Run with --info or --debug 
option to get more log output.
> Run with --scan to get full 
insights.
> Get more help at 
https://help.gradle.org.

BUILD FAILED in 1s
10 actionable tasks: 1 executed, 9 up-to-date
